not enough sidechain atoms in residue  LYS   28 A
not enough sidechain atoms in residue  GLU   31 A
In Residue ASN    34 A alternate location indicator
In Residue ASN    34 A alternate location indicator
In Residue ASN    34 A alternate location indicator
In Residue ASN    34 A alternate location indicator
In Residue ASN    34 A alternate location indicator
In Residue GLU    39 A alternate location indicator
In Residue GLU    39 A alternate location indicator
In Residue GLU    39 A alternate location indicator
In Residue GLU    39 A alternate location indicator
In Residue GLU    39 A alternate location indicator
In Residue GLU    39 A alternate location indicator
In Residue SER    44 A alternate location indicator
In Residue SER    44 A alternate location indicator
In Residue SER    44 A alternate location indicator
In Residue SER    44 A alternate location indicator
In Residue SER    44 A alternate location indicator
In Residue SER    44 A alternate location indicator
In Residue LYS    45 A alternate location indicator
In Residue LYS    45 A alternate location indicator
In Residue LYS    45 A alternate location indicator
In Residue LYS    45 A alternate location indicator
In Residue LYS    45 A alternate location indicator
In Residue LYS    45 A alternate location indicator
In Residue GLU    48 A alternate location indicator
In Residue GLU    48 A alternate location indicator
In Residue GLU    48 A alternate location indicator
In Residue GLU    48 A alternate location indicator
In Residue GLU    48 A alternate location indicator
In Residue GLU    48 A alternate location indicator
In Residue GLN    80 A alternate location indicator
In Residue GLN    80 A alternate location indicator
In Residue GLN    80 A alternate location indicator
In Residue GLN    80 A alternate location indicator
In Residue GLN    80 A alternate location indicator
In Residue GLN    80 A alternate location indicator
In Residue SER    91 A alternate location indicator
In Residue SER    91 A alternate location indicator
In Residue SER    91 A alternate location indicator
In Residue GLN   113 A alternate location indicator
In Residue GLN   113 A alternate location indicator
In Residue GLN   113 A alternate location indicator
In Residue GLN   113 A alternate location indicator
In Residue GLN   113 A alternate location indicator
In Residue GLN   113 A alternate location indicator
In Residue ARG   137 A alternate location indicator
In Residue ARG   137 A alternate location indicator
In Residue ARG   137 A alternate location indicator
In Residue ARG   137 A alternate location indicator
In Residue ARG   137 A alternate location indicator
In Residue ARG   137 A alternate location indicator
In Residue ARG   137 A alternate location indicator
In Residue ARG   137 A alternate location indicator
not enough sidechain atoms in residue  LYS  141 A
In Residue LYS   163 A alternate location indicator
In Residue LYS   163 A alternate location indicator
In Residue LYS   163 A alternate location indicator
In Residue LYS   163 A alternate location indicator
In Residue LYS   163 A alternate location indicator
In Residue LYS   163 A alternate location indicator
In Residue LYS   177 A alternate location indicator
In Residue LYS   177 A alternate location indicator
In Residue LYS   177 A alternate location indicator
In Residue LYS   177 A alternate location indicator
In Residue LYS   177 A alternate location indicator
In Residue LYS   177 A alternate location indicator
In Residue SER   183 A alternate location indicator
In Residue SER   183 A alternate location indicator
In Residue SER   183 A alternate location indicator
In Residue GLU   196 A alternate location indicator
In Residue GLU   196 A alternate location indicator
In Residue GLU   196 A alternate location indicator
In Residue GLU   196 A alternate location indicator
In Residue GLU   196 A alternate location indicator
In Residue GLU   196 A alternate location indicator
In Residue SER   199 A alternate location indicator
In Residue SER   199 A alternate location indicator
In Residue SER   199 A alternate location indicator
In Residue ILE   221 A alternate location indicator
In Residue ILE   221 A alternate location indicator
In Residue ILE   221 A alternate location indicator
In Residue ILE   221 A alternate location indicator
In Residue ILE   221 A alternate location indicator
In Residue ARG   235 A alternate location indicator
In Residue ARG   235 A alternate location indicator
In Residue ARG   235 A alternate location indicator
In Residue ARG   235 A alternate location indicator
In Residue ARG   235 A alternate location indicator
In Residue ARG   235 A alternate location indicator
In Residue ARG   235 A alternate location indicator
In Residue ARG   235 A alternate location indicator
In Residue SER   258 A alternate location indicator
In Residue SER   258 A alternate location indicator
In Residue SER   258 A alternate location indicator
In Residue SER   268 A alternate location indicator
In Residue SER   268 A alternate location indicator
In Residue SER   268 A alternate location indicator
not enough sidechain atoms in residue  ARG  293 A
In Residue SER   310 A alternate location indicator
In Residue SER   310 A alternate location indicator
In Residue SER   310 A alternate location indicator
not enough sidechain atoms in residue  VAL  343 A
not enough sidechain atoms in residue  THR  344 A
not enough sidechain atoms in residue  ASP   41 B
not enough sidechain atoms in residue  LYS   45 B
not enough sidechain atoms in residue  LYS   47 B
In Residue GLU    48 B alternate location indicator
In Residue GLU    48 B alternate location indicator
In Residue GLU    48 B alternate location indicator
In Residue GLU    48 B alternate location indicator
In Residue GLU    48 B alternate location indicator
In Residue GLU    48 B alternate location indicator
In Residue LYS   102 B alternate location indicator
In Residue LYS   102 B alternate location indicator
In Residue LYS   102 B alternate location indicator
In Residue LYS   102 B alternate location indicator
In Residue LYS   102 B alternate location indicator
In Residue LYS   102 B alternate location indicator
In Residue GLN   113 B alternate location indicator
In Residue GLN   113 B alternate location indicator
In Residue GLN   113 B alternate location indicator
In Residue GLN   113 B alternate location indicator
In Residue GLN   113 B alternate location indicator
In Residue GLN   113 B alternate location indicator
In Residue LYS   128 B alternate location indicator
In Residue LYS   128 B alternate location indicator
In Residue LYS   128 B alternate location indicator
In Residue LYS   128 B alternate location indicator
In Residue LYS   128 B alternate location indicator
In Residue LYS   128 B alternate location indicator
not enough sidechain atoms in residue  LYS  141 B
not enough sidechain atoms in residue  LYS  145 B
In Residue GLU   159 B alternate location indicator
In Residue GLU   159 B alternate location indicator
In Residue GLU   159 B alternate location indicator
In Residue GLU   159 B alternate location indicator
In Residue GLU   159 B alternate location indicator
In Residue GLU   159 B alternate location indicator
not enough sidechain atoms in residue  LYS  174 B
In Residue LYS   177 B alternate location indicator
In Residue LYS   177 B alternate location indicator
In Residue LYS   177 B alternate location indicator
In Residue LYS   177 B alternate location indicator
In Residue LYS   177 B alternate location indicator
In Residue LYS   177 B alternate location indicator
In Residue MET   181 B alternate location indicator
In Residue MET   181 B alternate location indicator
In Residue MET   181 B alternate location indicator
In Residue MET   181 B alternate location indicator
In Residue MET   181 B alternate location indicator
In Residue SER   183 B alternate location indicator
In Residue SER   183 B alternate location indicator
In Residue SER   183 B alternate location indicator
In Residue LYS   189 B alternate location indicator
In Residue LYS   189 B alternate location indicator
In Residue LYS   189 B alternate location indicator
In Residue LYS   189 B alternate location indicator
In Residue LYS   189 B alternate location indicator
In Residue LYS   189 B alternate location indicator
In Residue GLU   196 B alternate location indicator
In Residue GLU   196 B alternate location indicator
In Residue GLU   196 B alternate location indicator
In Residue GLU   196 B alternate location indicator
In Residue GLU   196 B alternate location indicator
In Residue GLU   196 B alternate location indicator
In Residue SER   199 B alternate location indicator
In Residue SER   199 B alternate location indicator
In Residue SER   199 B alternate location indicator
not enough sidechain atoms in residue  LYS  232 B
In Residue ILE   239 B alternate location indicator
In Residue ILE   239 B alternate location indicator
In Residue ILE   239 B alternate location indicator
In Residue ILE   239 B alternate location indicator
In Residue ILE   239 B alternate location indicator
In Residue GLU   254 B alternate location indicator
In Residue GLU   254 B alternate location indicator
In Residue GLU   254 B alternate location indicator
In Residue GLU   254 B alternate location indicator
In Residue GLU   254 B alternate location indicator
In Residue GLU   254 B alternate location indicator
In Residue SER   258 B alternate location indicator
In Residue SER   258 B alternate location indicator
In Residue SER   258 B alternate location indicator
not enough sidechain atoms in residue  GLU  266 B
In Residue SER   268 B alternate location indicator
In Residue SER   268 B alternate location indicator
In Residue SER   268 B alternate location indicator
In Residue ILE   274 B alternate location indicator
In Residue ILE   274 B alternate location indicator
In Residue ILE   274 B alternate location indicator
In Residue ILE   274 B alternate location indicator
In Residue ILE   274 B alternate location indicator
In Residue VAL   276 B alternate location indicator
In Residue VAL   276 B alternate location indicator
In Residue VAL   276 B alternate location indicator
In Residue VAL   276 B alternate location indicator
In Residue LYS   278 B alternate location indicator
In Residue LYS   278 B alternate location indicator
In Residue LYS   278 B alternate location indicator
In Residue LYS   278 B alternate location indicator
In Residue LYS   278 B alternate location indicator
In Residue LYS   278 B alternate location indicator
In Residue SER   310 B alternate location indicator
In Residue SER   310 B alternate location indicator
In Residue SER   310 B alternate location indicator
not enough sidechain atoms in residue  VAL  343 B
Initialisierung :                  134
FindInnerWater  :                 5819
Connolly 1      :                 2390
Entfernen       :               336055
insgesamt       :               344398
